<?xml version="1.0" encoding="UTF-8"?>
<testsuites name="jest tests" tests="2" failures="1" errors="0" time="134.844">
  <testsuite name="Category Controller" errors="0" failures="1" skipped="1" timestamp="2024-10-09T02:30:13" time="134.693" tests="2">
    <testcase classname="Category Controller should return a list of categories with IsLiked property" name="Category Controller should return a list of categories with IsLiked property" time="129.779">
      <failure>Error: thrown: &quot;Exceeded timeout of 5000 ms for a test.
Add a timeout value to this test to increase the timeout, if this is a long-running test. See https://jestjs.io/docs/api#testname-fn-timeout.&quot;
    at it (C:\Users\David\Desktop\WEB.API.INTCX\tests\categories\categoryController.test.js:33:3)
    at _dispatchDescribe (C:\Users\David\Desktop\WEB.API.INTCX\node_modules\jest-circus\build\index.js:91:26)
    at describe (C:\Users\David\Desktop\WEB.API.INTCX\node_modules\jest-circus\build\index.js:55:5)
    at Object.describe (C:\Users\David\Desktop\WEB.API.INTCX\tests\categories\categoryController.test.js:31:1)
    at Runtime._execModule (C:\Users\David\Desktop\WEB.API.INTCX\node_modules\jest-runtime\build\index.js:1439:24)
    at Runtime._loadModule (C:\Users\David\Desktop\WEB.API.INTCX\node_modules\jest-runtime\build\index.js:1022:12)
    at Runtime.requireModule (C:\Users\David\Desktop\WEB.API.INTCX\node_modules\jest-runtime\build\index.js:882:12)
    at jestAdapter (C:\Users\David\Desktop\WEB.API.INTCX\node_modules\jest-circus\build\legacy-code-todo-rewrite\jestAdapter.js:77:13)
    at runTestInternal (C:\Users\David\Desktop\WEB.API.INTCX\node_modules\jest-runner\build\runTest.js:367:16)
    at runTest (C:\Users\David\Desktop\WEB.API.INTCX\node_modules\jest-runner\build\runTest.js:444:34)</failure>
    </testcase>
    <testcase classname="Category Controller should create a new category" name="Category Controller should create a new category" time="0">
      <skipped/>
    </testcase>
  </testsuite>
</testsuites>